// Jest Snapshot v1, https://goo.gl/fbAQLP

exports[`RecipeList MenCategory renders without crashing given the required props 1`] = `undefined`;
